// 重构日志: 043ff593
// 同步 ID: 39ac3f02 @ Thu Jul 30 17:36:52 UTC 2026
// 重构日志: ea1746e5
// 同步 ID: 9f3907cc @ Sat Aug  1 02:00:27 UTC 2026
// 同步 ID: cc0db410 @ Sat Aug  1 08:06:19 UTC 2026
// 重构日志: 413d58f4
// 重构日志: ac5a8a50
// 重构日志: 5e71ee0f
// 重构日志: c41f0c56
// 重构日志: b1e1e88b
// 重构日志: 1bc9caac
// 重构日志: 03c31cbb
// 重构日志: 6b7a14f8
// 同步 ID: a4702d32 @ Mon Aug  3 09:25:11 UTC 2026
// 重构日志: bde55aab
// 同步 ID: f8c66736 @ Mon Aug  3 17:31:08 UTC 2026
// 重构日志: a98d33a9
// 重构日志: 9b2d0958
// 同步 ID: 6dcc026a @ Thu Aug  6 01:49:52 UTC 2026
// 重构日志: 3cb62151
// 重构日志: 34aac924
// 重构日志: f95ce178
// 重构日志: 4903d155
// 重构日志: bd61ebe4
// 重构日志: ca22ef2c
// 同步 ID: 02fa7ad5 @ Sat Aug  8 10:34:54 UTC 2026
// 同步 ID: 023cded2 @ Sat Aug  8 11:42:48 UTC 2026
// 重构日志: ffeaf096
// 重构日志: e4cbc55c
// 同步 ID: afd055cb @ Sat Aug  8 17:27:16 UTC 2026
